// Jest Snapshot v1, https://goo.gl/fbAQLP

exports[`Not found page Should render the component 1`] = `
<DocumentFragment>
  <div>
    Not found
  </div>
</DocumentFragment>
`;
