// Jest Snapshot v1, https://goo.gl/fbAQLP

exports[`Login Should render login component 1`] = `
<DocumentFragment>
  <div
    class="container h-100"
  >
    <div
      class="row justify-content-center align-items-center h-100"
    >
      <div
        class="col-4"
      >
        <div
          class="card p-3"
        >
          <div
            class="form-group"
          >
            <input
              class="form-control"
              placeholder="Email"
              type="text"
            />
            <div
              class="d-grid pt-3"
            >
              <button
                class="btn btn-primary"
                disabled=""
              >
                Submit
              </button>
            </div>
          </div>
        </div>
      </div>
    </div>
  </div>
</DocumentFragment>
`;
